// Jest Snapshot v1, https://goo.gl/fbAQLP

exports[`Pruebas en MultipleCustomHooks Debe mostrarse correctamente 1`] = `
<div
  className="p-5"
>
  <h2>
    BreakinBad Quotes 
    <small
      className="text-info"
    >
      Custom Hooks
    </small>
  </h2>
  <div
    className="alert alert-info text-center"
  >
    Loading...
  </div>
  <button
    className="btn btn-warning"
    onClick={[Function]}
  >
    Quote me!
  </button>
</div>
`;
